ðŸŒŸ This was machine generated.  Do not edit. ðŸŒŸ

Frame[0] {}
Name: 
Dimensions: 2 Fields by 3 Rows
+-------------------------------+--------------------------+
| Name: _time                   | Name: _value             |
| Labels:                       | Labels: host=hostname.ru |
| Type: []*time.Time            | Type: []*float64         |
+-------------------------------+--------------------------+
| 2020-06-05 12:06:00 +0000 UTC | 8.291                    |
| 2020-06-05 12:07:00 +0000 UTC | 0.534                    |
| 2020-06-05 12:08:00 +0000 UTC | 0.667                    |
+-------------------------------+--------------------------+


====== TEST DATA RESPONSE (arrow base64) ======
FRAME=QVJST1cxAAD/////yAEAABAAAAAAAAoADgAMAAsABAAKAAAAFAAAAAAAAAEDAAoADAAAAAgABAAKAAAACAAAAHQAAAADAAAATAAAACgAAAAEAAAAzP7//wgAAAAMAAAAAAAAAAAAAAAFAAAAcmVmSWQAAADs/v//CAAAAAwAAAAAAAAAAAAAAAQAAABuYW1lAAAAAAz///8IAAAADAAAAAIAAAB7fQAABAAAAG1ldGEAAAAAAgAAALAAAAAEAAAAav///xQAAAB0AAAAdAAAAAAAAwF0AAAAAgAAACwAAAAEAAAAXP///wgAAAAQAAAABgAAAF92YWx1ZQAABAAAAG5hbWUAAAAAgP///wgAAAAgAAAAFgAAAHsiaG9zdCI6Imhvc3RuYW1lLnJ1In0AAAYAAABsYWJlbHMAAAAAAACG////AAACAAYAAABfdmFsdWUAAAAAEgAYABQAEwASAAwAAAAIAAQAEgAAABQAAABEAAAATAAAAAAACgFMAAAAAQAAAAwAAAAIAAwACAAEAAgAAAAIAAAAEAAAAAUAAABfdGltZQAAAAQAAABuYW1lAAAAAAAAAAAAAAYACAAGAAYAAAAAAAMABQAAAF90aW1lAAAAAAAAAP////+4AAAAFAAAAAAAAAAMABYAFAATAAwABAAMAAAAMAAAAAAAAAAUAAAAAAAAAwMACgAYAAwACAAEAAoAAAAUAAAAWAAAAAMAAAAAAAAAAAAAAAQAAAAAAAAAAAAAAAAAAAAAAAAAAAAAAAAAAAAYAAAAAAAAABgAAAAAAAAAAAAAAAAAAAAYAAAAAAAAABgAAAAAAAAAAAAAAAIAAAADAAAAAAAAAAAAAAAAAAAAAwAAAAAAAAAAAAAAAAAAAACQAWBcpBUWAOhIWGqkFRYAQJBQeKQVFqJFtvP9lCBASgwCK4cW4T/y0k1iEFjlPxAAAAAMABQAEgAMAAgABAAMAAAAEAAAACwAAAA4AAAAAAADAAEAAADYAQAAAAAAAMAAAAAAAAAAMAAAAAAAAAAAAAAAAAAAAAAACgAMAAAACAAEAAoAAAAIAAAAdAAAAAMAAABMAAAAKAAAAAQAAADM/v//CAAAAAwAAAAAAAAAAAAAAAUAAAByZWZJZAAAAOz+//8IAAAADAAAAAAAAAAAAAAABAAAAG5hbWUAAAAADP///wgAAAAMAAAAAgAAAHt9AAAEAAAAbWV0YQAAAAACAAAAsAAAAAQAAABq////FAAAAHQAAAB0AAAAAAADAXQAAAACAAAALAAAAAQAAABc////CAAAABAAAAAGAAAAX3ZhbHVlAAAEAAAAbmFtZQAAAACA////CAAAACAAAAAWAAAAeyJob3N0IjoiaG9zdG5hbWUucnUifQAABgAAAGxhYmVscwAAAAAAAIb///8AAAIABgAAAF92YWx1ZQAAAAASABgAFAATABIADAAAAAgABAASAAAAFAAAAEQAAABMAAAAAAAKAUwAAAABAAAADAAAAAgADAAIAAQACAAAAAgAAAAQAAAABQAAAF90aW1lAAAABAAAAG5hbWUAAAAAAAAAAAAABgAIAAYABgAAAAAAAwAFAAAAX3RpbWUAAADwAQAAQVJST1cx
