ðŸŒŸ This was machine generated.  Do not edit. ðŸŒŸ

Frame[0] {}
Name: system
Dimensions: 2 Fields by 3 Rows
+-----------------------------------------+-----------------------+
| Name: _time                             | Name: load1           |
| Labels:                                 | Labels: host=hostname |
| Type: []*time.Time                      | Type: []*float64      |
+-----------------------------------------+-----------------------+
| 2020-05-05 18:38:50 +0000 UTC           | null                  |
| 2020-05-05 18:39:00 +0000 UTC           | 3.56                  |
| 2020-05-05 19:38:47.207881833 +0000 UTC | null                  |
+-----------------------------------------+-----------------------+



Frame[1] 
Name: system
Dimensions: 2 Fields by 4 Rows
+-----------------------------------------+-----------------------+
| Name: _time                             | Name: load15          |
| Labels:                                 | Labels: host=hostname |
| Type: []*time.Time                      | Type: []*float64      |
+-----------------------------------------+-----------------------+
| 2020-05-05 18:38:50 +0000 UTC           | null                  |
| 2020-05-05 18:39:00 +0000 UTC           | 2.51                  |
| 2020-05-05 19:38:40 +0000 UTC           | 1.74                  |
| 2020-05-05 19:38:47.207881833 +0000 UTC | null                  |
+-----------------------------------------+-----------------------+



Frame[2] 
Name: system
Dimensions: 2 Fields by 10 Rows
+-----------------------------------------+-----------------------+
| Name: _time                             | Name: load5           |
| Labels:                                 | Labels: host=hostname |
| Type: []*time.Time                      | Type: []*float64      |
+-----------------------------------------+-----------------------+
| 2020-05-05 18:38:50 +0000 UTC           | null                  |
| 2020-05-05 18:39:00 +0000 UTC           | 3.14                  |
| 2020-05-05 18:39:10 +0000 UTC           | 3.04                  |
| 2020-05-05 19:37:50 +0000 UTC           | 1.8                   |
| 2020-05-05 19:38:00 +0000 UTC           | 1.76                  |
| 2020-05-05 19:38:10 +0000 UTC           | 1.75                  |
| 2020-05-05 19:38:20 +0000 UTC           | 1.71                  |
| 2020-05-05 19:38:30 +0000 UTC           | 1.77                  |
| 2020-05-05 19:38:40 +0000 UTC           | 1.71                  |
| 2020-05-05 19:38:47.207881833 +0000 UTC | null                  |
+-----------------------------------------+-----------------------+


====== TEST DATA RESPONSE (arrow base64) ======
FRAME=QVJST1cxAAD/////wAEAABAAAAAAAAoADgAMAAsABAAKAAAAFAAAAAAAAAEDAAoADAAAAAgABAAKAAAACAAAAHgAAAADAAAAUAAAACgAAAAEAAAA0P7//wgAAAAMAAAAAAAAAAAAAAAFAAAAcmVmSWQAAADw/v//CAAAABAAAAAGAAAAc3lzdGVtAAAEAAAAbmFtZQAAAAAU////CAAAAAwAAAACAAAAe30AAAQAAABtZXRhAAAAAAIAAACoAAAABAAAAHL///8UAAAAcAAAAHAAAAAAAAMBcAAAAAIAAAAsAAAABAAAAGT///8IAAAAEAAAAAUAAABsb2FkMQAAAAQAAABuYW1lAAAAAIj///8IAAAAHAAAABMAAAB7Imhvc3QiOiJob3N0bmFtZSJ9AAYAAABsYWJlbHMAAAAAAACK////AAACAAUAAABsb2FkMQASABgAFAATABIADAAAAAgABAASAAAAFAAAAEQAAABMAAAAAAAKAUwAAAABAAAADAAAAAgADAAIAAQACAAAAAgAAAAQAAAABQAAAF90aW1lAAAABAAAAG5hbWUAAAAAAAAAAAAABgAIAAYABgAAAAAAAwAFAAAAX3RpbWUAAAD/////uAAAABQAAAAAAAAADAAWABQAEwAMAAQADAAAADgAAAAAAAAAFAAAAAAAAAMDAAoAGAAMAAgABAAKAAAAFAAAAFgAAAADAAAAAAAAAAAAAAAEAAAAAAAAAAAAAAAAAAAAAAAAAAAAAAAAAAAAGAAAAAAAAAAYAAAAAAAAAAgAAAAAAAAAIAAAAAAAAAAYAAAAAAAAAAAAAAACAAAAAwAAAAAAAAAAAAAAAAAAAAMAAAAAAAAAAgAAAAAAAAAAxOqYzjUMFgCo9uzQNQwWaQw3IxQ5DBYCAAAAAAAAAAAAAAAAAAAAexSuR+F6DEAAAAAAAAAAABAAAAAMABQAEgAMAAgABAAMAAAAEAAAACwAAAA8AAAAAAADAAEAAADQAQAAAAAAAMAAAAAAAAAAOAAAAAAAAAAAAAAAAAAAAAAAAAAAAAoADAAAAAgABAAKAAAACAAAAHgAAAADAAAAUAAAACgAAAAEAAAA0P7//wgAAAAMAAAAAAAAAAAAAAAFAAAAcmVmSWQAAADw/v//CAAAABAAAAAGAAAAc3lzdGVtAAAEAAAAbmFtZQAAAAAU////CAAAAAwAAAACAAAAe30AAAQAAABtZXRhAAAAAAIAAACoAAAABAAAAHL///8UAAAAcAAAAHAAAAAAAAMBcAAAAAIAAAAsAAAABAAAAGT///8IAAAAEAAAAAUAAABsb2FkMQAAAAQAAABuYW1lAAAAAIj///8IAAAAHAAAABMAAAB7Imhvc3QiOiJob3N0bmFtZSJ9AAYAAABsYWJlbHMAAAAAAACK////AAACAAUAAABsb2FkMQASABgAFAATABIADAAAAAgABAASAAAAFAAAAEQAAABMAAAAAAAKAUwAAAABAAAADAAAAAgADAAIAAQACAAAAAgAAAAQAAAABQAAAF90aW1lAAAABAAAAG5hbWUAAAAAAAAAAAAABgAIAAYABgAAAAAAAwAFAAAAX3RpbWUAAADwAQAAQVJST1cx
FRAME=QVJST1cxAAD/////oAEAABAAAAAAAAoADgAMAAsABAAKAAAAFAAAAAAAAAEDAAoADAAAAAgABAAKAAAACAAAAFQAAAACAAAAKAAAAAQAAADs/v//CAAAAAwAAAAAAAAAAAAAAAUAAAByZWZJZAAAAAz///8IAAAAEAAAAAYAAABzeXN0ZW0AAAQAAABuYW1lAAAAAAIAAACsAAAABAAAAG7///8UAAAAcAAAAHAAAAAAAAMBcAAAAAIAAAAsAAAABAAAAGD///8IAAAAEAAAAAYAAABsb2FkMTUAAAQAAABuYW1lAAAAAIT///8IAAAAHAAAABMAAAB7Imhvc3QiOiJob3N0bmFtZSJ9AAYAAABsYWJlbHMAAAAAAACG////AAACAAYAAABsb2FkMTUAAAAAEgAYABQAEwASAAwAAAAIAAQAEgAAABQAAABEAAAATAAAAAAACgFMAAAAAQAAAAwAAAAIAAwACAAEAAgAAAAIAAAAEAAAAAUAAABfdGltZQAAAAQAAABuYW1lAAAAAAAAAAAAAAYACAAGAAYAAAAAAAMABQAAAF90aW1lAAAA/////7gAAAAUAAAAAAAAAAwAFgAUABMADAAEAAwAAABIAAAAAAAAABQAAAAAAAADAwAKABgADAAIAAQACgAAABQAAABYAAAABAAAAAAAAAAAAAAABAAAAAAAAAAAAAAAAAAAAAAAAAAAAAAAAAAAACAAAAAAAAAAIAAAAAAAAAAIAAAAAAAAACgAAAAAAAAAIAAAAAAAAAAAAAAAAgAAAAQAAAAAAAAAAAAAAAAAAAAEAAAAAAAAAAIAAAAAAAAAAMTqmM41DBYAqPbs0DUMFgCAl3USOQwWaQw3IxQ5DBYGAAAAAAAAAAAAAAAAAAAAFK5H4XoUBEDXo3A9Ctf7PwAAAAAAAAAAEAAAAAwAFAASAAwACAAEAAwAAAAQAAAALAAAADwAAAAAAAMAAQAAALABAAAAAAAAwAAAAAAAAABIAAAAAAAAAAAAAAAAAAAAAAAAAAAACgAMAAAACAAEAAoAAAAIAAAAVAAAAAIAAAAoAAAABAAAAOz+//8IAAAADAAAAAAAAAAAAAAABQAAAHJlZklkAAAADP///wgAAAAQAAAABgAAAHN5c3RlbQAABAAAAG5hbWUAAAAAAgAAAKwAAAAEAAAAbv///xQAAABwAAAAcAAAAAAAAwFwAAAAAgAAACwAAAAEAAAAYP///wgAAAAQAAAABgAAAGxvYWQxNQAABAAAAG5hbWUAAAAAhP///wgAAAAcAAAAEwAAAHsiaG9zdCI6Imhvc3RuYW1lIn0ABgAAAGxhYmVscwAAAAAAAIb///8AAAIABgAAAGxvYWQxNQAAAAASABgAFAATABIADAAAAAgABAASAAAAFAAAAEQAAABMAAAAAAAKAUwAAAABAAAADAAAAAgADAAIAAQACAAAAAgAAAAQAAAABQAAAF90aW1lAAAABAAAAG5hbWUAAAAAAAAAAAAABgAIAAYABgAAAAAAAwAFAAAAX3RpbWUAAADQAQAAQVJST1cx
FRAME=QVJST1cxAAD/////oAEAABAAAAAAAAoADgAMAAsABAAKAAAAFAAAAAAAAAEDAAoADAAAAAgABAAKAAAACAAAAFQAAAACAAAAKAAAAAQAAADw/v//CAAAAAwAAAAAAAAAAAAAAAUAAAByZWZJZAAAABD///8IAAAAEAAAAAYAAABzeXN0ZW0AAAQAAABuYW1lAAAAAAIAAACoAAAABAAAAHL///8UAAAAcAAAAHAAAAAAAAMBcAAAAAIAAAAsAAAABAAAAGT///8IAAAAEAAAAAUAAABsb2FkNQAAAAQAAABuYW1lAAAAAIj///8IAAAAHAAAABMAAAB7Imhvc3QiOiJob3N0bmFtZSJ9AAYAAABsYWJlbHMAAAAAAACK////AAACAAUAAABsb2FkNQASABgAFAATABIADAAAAAgABAASAAAAFAAAAEQAAABMAAAAAAAKAUwAAAABAAAADAAAAAgADAAIAAQACAAAAAgAAAAQAAAABQAAAF90aW1lAAAABAAAAG5hbWUAAAAAAAAAAAAABgAIAAYABgAAAAAAAwAFAAAAX3RpbWUAAAAAAAAA/////7gAAAAUAAAAAAAAAAwAFgAUABMADAAEAAwAAACoAAAAAAAAABQAAAAAAAADAwAKABgADAAIAAQACgAAABQAAABYAAAACgAAAAAAAAAAAAAABAAAAAAAAAAAAAAAAAAAAAAAAAAAAAAAAAAAAFAAAAAAAAAAUAAAAAAAAAAIAAAAAAAAAFgAAAAAAAAAUAAAAAAAAAAAAAAAAgAAAAoAAAAAAAAAAAAAAAAAAAAKAAAAAAAAAAIAAAAAAAAAAMTqmM41DBYAqPbs0DUMFgCMAkHTNQwWAAxc0QY5DBYA8GclCTkMFgDUc3kLOQwWALh/zQ05DBYAnIshEDkMFgCAl3USOQwWaQw3IxQ5DBb+AQAAAAAAAAAAAAAAAAAAH4XrUbgeCUBSuB6F61EIQM3MzMzMzPw/KVyPwvUo/D8AAAAAAAD8P1yPwvUoXPs/UrgehetR/D9cj8L1KFz7PwAAAAAAAAAAEAAAAAwAFAASAAwACAAEAAwAAAAQAAAALAAAADgAAAAAAAMAAQAAALABAAAAAAAAwAAAAAAAAACoAAAAAAAAAAAAAAAAAAAAAAAKAAwAAAAIAAQACgAAAAgAAABUAAAAAgAAACgAAAAEAAAA8P7//wgAAAAMAAAAAAAAAAAAAAAFAAAAcmVmSWQAAAAQ////CAAAABAAAAAGAAAAc3lzdGVtAAAEAAAAbmFtZQAAAAACAAAAqAAAAAQAAABy////FAAAAHAAAABwAAAAAAADAXAAAAACAAAALAAAAAQAAABk////CAAAABAAAAAFAAAAbG9hZDUAAAAEAAAAbmFtZQAAAACI////CAAAABwAAAATAAAAeyJob3N0IjoiaG9zdG5hbWUifQAGAAAAbGFiZWxzAAAAAAAAiv///wAAAgAFAAAAbG9hZDUAEgAYABQAEwASAAwAAAAIAAQAEgAAABQAAABEAAAATAAAAAAACgFMAAAAAQAAAAwAAAAIAAwACAAEAAgAAAAIAAAAEAAAAAUAAABfdGltZQAAAAQAAABuYW1lAAAAAAAAAAAAAAYACAAGAAYAAAAAAAMABQAAAF90aW1lAAAAyAEAAEFSUk9XMQ==
