ðŸŒŸ This was machine generated.  Do not edit. ðŸŒŸ

Frame[0] {}
Name: 
Dimensions: 2 Fields by 1 Rows
+---------------------------------------+-------------------------+
| Name: _time                           | Name: _value            |
| Labels:                               | Labels: table=something |
| Type: []*time.Time                    | Type: []*int64          |
+---------------------------------------+-------------------------+
| 2021-02-05 14:03:04.7009051 +0000 UTC | 42                      |
+---------------------------------------+-------------------------+


====== TEST DATA RESPONSE (arrow base64) ======
FRAME=QVJST1cxAAD/////0AEAABAAAAAAAAoADgAMAAsABAAKAAAAFAAAAAAAAAEDAAoADAAAAAgABAAKAAAACAAAAHQAAAADAAAATAAAACgAAAAEAAAAwP7//wgAAAAMAAAAAAAAAAAAAAAFAAAAcmVmSWQAAADg/v//CAAAAAwAAAAAAAAAAAAAAAQAAABuYW1lAAAAAAD///8IAAAADAAAAAIAAAB7fQAABAAAAG1ldGEAAAAAAgAAALwAAAAEAAAAXv///xQAAAB0AAAAfAAAAAAAAgGAAAAAAgAAACwAAAAEAAAAUP///wgAAAAQAAAABgAAAF92YWx1ZQAABAAAAG5hbWUAAAAAdP///wgAAAAgAAAAFQAAAHsidGFibGUiOiJzb21ldGhpbmcifQAAAAYAAABsYWJlbHMAAAAAAAAIAAwACAAHAAgAAAAAAAABQAAAAAYAAABfdmFsdWUAAAAAEgAYABQAEwASAAwAAAAIAAQAEgAAABQAAABEAAAATAAAAAAACgFMAAAAAQAAAAwAAAAIAAwACAAEAAgAAAAIAAAAEAAAAAUAAABfdGltZQAAAAQAAABuYW1lAAAAAAAAAAAAAAYACAAGAAYAAAAAAAMABQAAAF90aW1lAAAA/////7gAAAAUAAAAAAAAAAwAFgAUABMADAAEAAwAAAAQAAAAAAAAABQAAAAAAAADAwAKABgADAAIAAQACgAAABQAAABYAAAAAQAAAAAAAAAAAAAABAAAAAAAAAAAAAAAAAAAAAAAAAAAAAAAAAAAAAgAAAAAAAAACAAAAAAAAAAAAAAAAAAAAAgAAAAAAAAACAAAAAAAAAAAAAAAAgAAAAEAAAAAAAAAAAAAAAAAAAABAAAAAAAAAAAAAAAAAAAAjOZpAe/eYBYqAAAAAAAAABAAAAAMABQAEgAMAAgABAAMAAAAEAAAACwAAAA8AAAAAAADAAEAAADgAQAAAAAAAMAAAAAAAAAAEAAAAAAAAAAAAAAAAAAAAAAAAAAAAAoADAAAAAgABAAKAAAACAAAAHQAAAADAAAATAAAACgAAAAEAAAAwP7//wgAAAAMAAAAAAAAAAAAAAAFAAAAcmVmSWQAAADg/v//CAAAAAwAAAAAAAAAAAAAAAQAAABuYW1lAAAAAAD///8IAAAADAAAAAIAAAB7fQAABAAAAG1ldGEAAAAAAgAAALwAAAAEAAAAXv///xQAAAB0AAAAfAAAAAAAAgGAAAAAAgAAACwAAAAEAAAAUP///wgAAAAQAAAABgAAAF92YWx1ZQAABAAAAG5hbWUAAAAAdP///wgAAAAgAAAAFQAAAHsidGFibGUiOiJzb21ldGhpbmcifQAAAAYAAABsYWJlbHMAAAAAAAAIAAwACAAHAAgAAAAAAAABQAAAAAYAAABfdmFsdWUAAAAAEgAYABQAEwASAAwAAAAIAAQAEgAAABQAAABEAAAATAAAAAAACgFMAAAAAQAAAAwAAAAIAAwACAAEAAgAAAAIAAAAEAAAAAUAAABfdGltZQAAAAQAAABuYW1lAAAAAAAAAAAAAAYACAAGAAYAAAAAAAMABQAAAF90aW1lAAAAAAIAAEFSUk9XMQ==
