ðŸŒŸ This was machine generated.  Do not edit. ðŸŒŸ

Frame[0] {}
Name: 
Dimensions: 2 Fields by 4 Rows
+-------------------------------+------------------+
| Name: _time                   | Name: _value     |
| Labels:                       | Labels:          |
| Type: []*time.Time            | Type: []*float64 |
+-------------------------------+------------------+
| 2021-06-01 10:34:37 +0000 UTC | 10               |
| 2021-06-01 10:34:47 +0000 UTC | 20               |
| 2021-06-01 10:34:57 +0000 UTC | 30               |
| 2021-06-01 10:35:07 +0000 UTC | 40               |
+-------------------------------+------------------+


====== TEST DATA RESPONSE (arrow base64) ======
FRAME=QVJST1cxAAD/////sAEAABAAAAAAAAoADgAMAAsABAAKAAAAFAAAAAAAAAEDAAoADAAAAAgABAAKAAAACAAAAHQAAAADAAAATAAAACgAAAAEAAAA4P7//wgAAAAMAAAAAAAAAAAAAAAFAAAAcmVmSWQAAAAA////CAAAAAwAAAAAAAAAAAAAAAQAAABuYW1lAAAAACD///8IAAAADAAAAAIAAAB7fQAABAAAAG1ldGEAAAAAAgAAAJwAAAAEAAAAfv///xQAAABgAAAAYAAAAAAAAwFgAAAAAgAAACwAAAAEAAAAcP///wgAAAAQAAAABgAAAF92YWx1ZQAABAAAAG5hbWUAAAAAlP///wgAAAAMAAAAAgAAAHt9AAAGAAAAbGFiZWxzAAAAAAAAhv///wAAAgAGAAAAX3ZhbHVlAAAAABIAGAAUABMAEgAMAAAACAAEABIAAAAUAAAARAAAAEwAAAAAAAoBTAAAAAEAAAAMAAAACAAMAAgABAAIAAAACAAAABAAAAAFAAAAX3RpbWUAAAAEAAAAbmFtZQAAAAAAAAAAAAAGAAgABgAGAAAAAAADAAUAAABfdGltZQAAAP////+4AAAAFAAAAAAAAAAMABYAFAATAAwABAAMAAAAQAAAAAAAAAAUAAAAAAAAAwMACgAYAAwACAAEAAoAAAAUAAAAWAAAAAQAAAAAAAAAAAAAAAQAAAAAAAAAAAAAAAAAAAAAAAAAAAAAAAAAAAAgAAAAAAAAACAAAAAAAAAAAAAAAAAAAAAgAAAAAAAAACAAAAAAAAAAAAAAAAIAAAAEAAAAAAAAAAAAAAAAAAAABAAAAAAAAAAAAAAAAAAAAAAiJKzgboQWAAYwAONuhBYA6jtU5W6EFgDOR6jnboQWAAAAAAAAJEAAAAAAAAA0QAAAAAAAAD5AAAAAAAAAREAQAAAADAAUABIADAAIAAQADAAAABAAAAAsAAAAPAAAAAAAAwABAAAAwAEAAAAAAADAAAAAAAAAAEAAAAAAAAAAAAAAAAAAAAAAAAAAAAAKAAwAAAAIAAQACgAAAAgAAAB0AAAAAwAAAEwAAAAoAAAABAAAAOD+//8IAAAADAAAAAAAAAAAAAAABQAAAHJlZklkAAAAAP///wgAAAAMAAAAAAAAAAAAAAAEAAAAbmFtZQAAAAAg////CAAAAAwAAAACAAAAe30AAAQAAABtZXRhAAAAAAIAAACcAAAABAAAAH7///8UAAAAYAAAAGAAAAAAAAMBYAAAAAIAAAAsAAAABAAAAHD///8IAAAAEAAAAAYAAABfdmFsdWUAAAQAAABuYW1lAAAAAJT///8IAAAADAAAAAIAAAB7fQAABgAAAGxhYmVscwAAAAAAAIb///8AAAIABgAAAF92YWx1ZQAAAAASABgAFAATABIADAAAAAgABAASAAAAFAAAAEQAAABMAAAAAAAKAUwAAAABAAAADAAAAAgADAAIAAQACAAAAAgAAAAQAAAABQAAAF90aW1lAAAABAAAAG5hbWUAAAAAAAAAAAAABgAIAAYABgAAAAAAAwAFAAAAX3RpbWUAAADgAQAAQVJST1cx
