ðŸŒŸ This was machine generated.  Do not edit. ðŸŒŸ

Frame[0] 
Name: system
Dimensions: 5 Fields by 4 Rows
+----------------+-------------------------------+------------------+-----------------+-----------------+
| Name: labels   | Name: time                    | Name: sensor     | Name: sensor2   | Name: state     |
| Labels:        | Labels:                       | Labels:          | Labels:         | Labels:         |
| Type: []string | Type: []time.Time             | Type: []*float64 | Type: []*string | Type: []*string |
+----------------+-------------------------------+------------------+-----------------+-----------------+
| host=A         | 2021-03-22 01:51:30 -0700 PDT | 0                | NaN             | aaa             |
| host=B         | 2021-03-22 01:51:30 -0700 PDT | null             | 0               | bbb             |
| host=A         | 2021-03-22 01:51:31 -0700 PDT | null             | 0               | ccc             |
| host=B         | 2021-03-22 01:51:31 -0700 PDT | 0                | NaN             | 1               |
+----------------+-------------------------------+------------------+-----------------+-----------------+


====== TEST DATA RESPONSE (arrow base64) ======
FRAME=QVJST1cxAAD/////mAIAABAAAAAAAAoADgAMAAsABAAKAAAAFAAAAAAAAAEDAAoADAAAAAgABAAKAAAACAAAAFQAAAACAAAAKAAAAAQAAADw/f//CAAAAAwAAAAAAAAAAAAAAAUAAAByZWZJZAAAABD+//8IAAAAEAAAAAYAAABzeXN0ZW0AAAQAAABuYW1lAAAAAAUAAACoAQAAMAEAANAAAABgAAAABAAAAE7///8UAAAAPAAAADwAAAAAAAUBOAAAAAEAAAAEAAAAbP7//wgAAAAQAAAABQAAAHN0YXRlAAAABAAAAG5hbWUAAAAAAAAAAGT+//8FAAAAc3RhdGUAAACm////FAAAADwAAAA8AAAAAAAFATgAAAABAAAABAAAAMT+//8IAAAAEAAAAAcAAABzZW5zb3IyAAQAAABuYW1lAAAAAAAAAAC8/v//BwAAAHNlbnNvcjIAAAASABgAFAATABIADAAAAAgABAASAAAAFAAAADwAAAA8AAAAAAADATwAAAABAAAABAAAADD///8IAAAAEAAAAAYAAABzZW5zb3IAAAQAAABuYW1lAAAAAAAAAACi////AAACAAYAAABzZW5zb3IAAJ7///8UAAAAPAAAAEQAAAAAAAAKRAAAAAEAAAAEAAAAjP///wgAAAAQAAAABAAAAHRpbWUAAAAABAAAAG5hbWUAAAAAAAAAAAAABgAIAAYABgAAAAAAAwAEAAAAdGltZQAAEgAYABQAAAATAAwAAAAIAAQAEgAAABQAAABEAAAASAAAAAAAAAVEAAAAAQAAAAwAAAAIAAwACAAEAAgAAAAIAAAAEAAAAAYAAABsYWJlbHMAAAQAAABuYW1lAAAAAAAAAAAEAAQABAAAAAYAAABsYWJlbHMAAAAAAAD/////eAEAABQAAAAAAAAADAAWABQAEwAMAAQADAAAAMAAAAAAAAAAFAAAAAAAAAMDAAoAGAAMAAgABAAKAAAAFAAAAOgAAAAEAAAAAAAAAAAAAAANAAAAAAAAAAAAAAAAAAAAAAAAAAAAAAAAAAAAGAAAAAAAAAAYAAAAAAAAABgAAAAAAAAAMAAAAAAAAAAAAAAAAAAAADAAAAAAAAAAIAAAAAAAAABQAAAAAAAAAAgAAAAAAAAAWAAAAAAAAAAgAAAAAAAAAHgAAAAAAAAAAAAAAAAAAAB4AAAAAAAAABgAAAAAAAAAkAAAAAAAAAAIAAAAAAAAAJgAAAAAAAAAAAAAAAAAAACYAAAAAAAAABgAAAAAAAAAsAAAAAAAAAAQAAAAAAAAAAAAAAAFAAAABAAAAAAAAAAAAAAAAAAAAAQAAAAAAAAAAAAAAAAAAAAEAAAAAAAAAAIAAAAAAAAABAAAAAAAAAAAAAAAAAAAAAQAAAAAAAAAAAAAAAAAAAAAAAAABgAAAAwAAAASAAAAGAAAAAAAAABob3N0PUFob3N0PUJob3N0PUFob3N0PUIANEvZC55uFgA0S9kLnm4WAP7lFAyebhYA/uUUDJ5uFgkAAAAAAAAAAAAAAAAAAAAAAAAAAAAAAAAAAAAAAAAAAAAAAAAAAAAAAAAAAwAAAAQAAAAFAAAACAAAAAAAAABOYU4wME5hTgAAAAADAAAABgAAAAkAAAAKAAAAAAAAAGFhYWJiYmNjYzEAAAAAAAAQAAAADAAUABIADAAIAAQADAAAABAAAAAsAAAAOAAAAAAAAwABAAAAqAIAAAAAAACAAQAAAAAAAMAAAAAAAAAAAAAAAAAAAAAAAAoADAAAAAgABAAKAAAACAAAAFQAAAACAAAAKAAAAAQAAADw/f//CAAAAAwAAAAAAAAAAAAAAAUAAAByZWZJZAAAABD+//8IAAAAEAAAAAYAAABzeXN0ZW0AAAQAAABuYW1lAAAAAAUAAACoAQAAMAEAANAAAABgAAAABAAAAE7///8UAAAAPAAAADwAAAAAAAUBOAAAAAEAAAAEAAAAbP7//wgAAAAQAAAABQAAAHN0YXRlAAAABAAAAG5hbWUAAAAAAAAAAGT+//8FAAAAc3RhdGUAAACm////FAAAADwAAAA8AAAAAAAFATgAAAABAAAABAAAAMT+//8IAAAAEAAAAAcAAABzZW5zb3IyAAQAAABuYW1lAAAAAAAAAAC8/v//BwAAAHNlbnNvcjIAAAASABgAFAATABIADAAAAAgABAASAAAAFAAAADwAAAA8AAAAAAADATwAAAABAAAABAAAADD///8IAAAAEAAAAAYAAABzZW5zb3IAAAQAAABuYW1lAAAAAAAAAACi////AAACAAYAAABzZW5zb3IAAJ7///8UAAAAPAAAAEQAAAAAAAAKRAAAAAEAAAAEAAAAjP///wgAAAAQAAAABAAAAHRpbWUAAAAABAAAAG5hbWUAAAAAAAAAAAAABgAIAAYABgAAAAAAAwAEAAAAdGltZQAAEgAYABQAAAATAAwAAAAIAAQAEgAAABQAAABEAAAASAAAAAAAAAVEAAAAAQAAAAwAAAAIAAwACAAEAAgAAAAIAAAAEAAAAAYAAABsYWJlbHMAAAQAAABuYW1lAAAAAAAAAAAEAAQABAAAAAYAAABsYWJlbHMAAMACAABBUlJPVzE=
